{"callsets": [{"sample_name": "HG03633","row_idx": 0,"idx_in_file": 0,"stream_name": "HG03633_stream"},{"sample_name": "HG04149","row_idx": 1,"idx_in_file": 0,"stream_name": "HG04149_stream"}]}