{
    "min_column": 2777473071,
    "max_column": 2824183053
}